MPLINK 5.09, LINKER
Linker Map File - Created Tue Mar 16 14:19:39 2021

                                 Section Info
                  Section       Type    Address   Location Size(Bytes)
                ---------  ---------  ---------  ---------  ---------
                 RES_VECT       code   0x000000    program   0x000002
                   .cinit    romdata   0x000001    program   0x000004
                MAIN_PROG       code   0x000003    program   0x00009a
.config_2007_BUILD/DEFAULT/PRODUCTION/EJERCIC       code   0x002007    program   0x000002



                              Program Memory Usage 
                               Start         End      
                           ---------   ---------      
                            0x000000    0x00004f      
                            0x002007    0x002007      
            81 out of 2182 program addresses used, program memory utilization is 3%



                              Symbols - Sorted by Name
                     Name    Address   Location    Storage File                     
                ---------  ---------  ---------  --------- ---------                
                    START   0x000003    program     static C:\Users\angel\OneDrive\Desktop\ejercicio4_examenM.X\ejercicio4_examenM.asm
          _MAIN_PROG_0012   0x000015    program     static C:\Users\angel\OneDrive\Desktop\ejercicio4_examenM.X\ejercicio4_examenM.asm
          _MAIN_PROG_0019   0x00001c    program     static C:\Users\angel\OneDrive\Desktop\ejercicio4_examenM.X\ejercicio4_examenM.asm
          _MAIN_PROG_002C   0x00002f    program     static C:\Users\angel\OneDrive\Desktop\ejercicio4_examenM.X\ejercicio4_examenM.asm
          _MAIN_PROG_0031   0x000034    program     static C:\Users\angel\OneDrive\Desktop\ejercicio4_examenM.X\ejercicio4_examenM.asm
          _MAIN_PROG_0038   0x00003b    program     static C:\Users\angel\OneDrive\Desktop\ejercicio4_examenM.X\ejercicio4_examenM.asm
          _MAIN_PROG_004B   0x00004e    program     static C:\Users\angel\OneDrive\Desktop\ejercicio4_examenM.X\ejercicio4_examenM.asm
                    aloop   0x000038    program     static C:\Users\angel\OneDrive\Desktop\ejercicio4_examenM.X\ejercicio4_examenM.asm
                    cloop   0x00003e    program     static C:\Users\angel\OneDrive\Desktop\ejercicio4_examenM.X\ejercicio4_examenM.asm
                    dloop   0x000045    program     static C:\Users\angel\OneDrive\Desktop\ejercicio4_examenM.X\ejercicio4_examenM.asm
                    iloop   0x000019    program     static C:\Users\angel\OneDrive\Desktop\ejercicio4_examenM.X\ejercicio4_examenM.asm
                   inicio   0x00000b    program     static C:\Users\angel\OneDrive\Desktop\ejercicio4_examenM.X\ejercicio4_examenM.asm
                    jloop   0x00001f    program     static C:\Users\angel\OneDrive\Desktop\ejercicio4_examenM.X\ejercicio4_examenM.asm
                    kloop   0x000026    program     static C:\Users\angel\OneDrive\Desktop\ejercicio4_examenM.X\ejercicio4_examenM.asm
                  tiempo1   0x000012    program     static C:\Users\angel\OneDrive\Desktop\ejercicio4_examenM.X\ejercicio4_examenM.asm
                  tiempo2   0x000031    program     static C:\Users\angel\OneDrive\Desktop\ejercicio4_examenM.X\ejercicio4_examenM.asm



                              Symbols - Sorted by Address
                     Name    Address   Location    Storage File                     
                ---------  ---------  ---------  --------- ---------                
                    START   0x000003    program     static C:\Users\angel\OneDrive\Desktop\ejercicio4_examenM.X\ejercicio4_examenM.asm
                   inicio   0x00000b    program     static C:\Users\angel\OneDrive\Desktop\ejercicio4_examenM.X\ejercicio4_examenM.asm
                  tiempo1   0x000012    program     static C:\Users\angel\OneDrive\Desktop\ejercicio4_examenM.X\ejercicio4_examenM.asm
          _MAIN_PROG_0012   0x000015    program     static C:\Users\angel\OneDrive\Desktop\ejercicio4_examenM.X\ejercicio4_examenM.asm
                    iloop   0x000019    program     static C:\Users\angel\OneDrive\Desktop\ejercicio4_examenM.X\ejercicio4_examenM.asm
          _MAIN_PROG_0019   0x00001c    program     static C:\Users\angel\OneDrive\Desktop\ejercicio4_examenM.X\ejercicio4_examenM.asm
                    jloop   0x00001f    program     static C:\Users\angel\OneDrive\Desktop\ejercicio4_examenM.X\ejercicio4_examenM.asm
                    kloop   0x000026    program     static C:\Users\angel\OneDrive\Desktop\ejercicio4_examenM.X\ejercicio4_examenM.asm
          _MAIN_PROG_002C   0x00002f    program     static C:\Users\angel\OneDrive\Desktop\ejercicio4_examenM.X\ejercicio4_examenM.asm
                  tiempo2   0x000031    program     static C:\Users\angel\OneDrive\Desktop\ejercicio4_examenM.X\ejercicio4_examenM.asm
          _MAIN_PROG_0031   0x000034    program     static C:\Users\angel\OneDrive\Desktop\ejercicio4_examenM.X\ejercicio4_examenM.asm
                    aloop   0x000038    program     static C:\Users\angel\OneDrive\Desktop\ejercicio4_examenM.X\ejercicio4_examenM.asm
          _MAIN_PROG_0038   0x00003b    program     static C:\Users\angel\OneDrive\Desktop\ejercicio4_examenM.X\ejercicio4_examenM.asm
                    cloop   0x00003e    program     static C:\Users\angel\OneDrive\Desktop\ejercicio4_examenM.X\ejercicio4_examenM.asm
                    dloop   0x000045    program     static C:\Users\angel\OneDrive\Desktop\ejercicio4_examenM.X\ejercicio4_examenM.asm
          _MAIN_PROG_004B   0x00004e    program     static C:\Users\angel\OneDrive\Desktop\ejercicio4_examenM.X\ejercicio4_examenM.asm


